src/app/(app)/agenda/actions.ts(69,9): error TS2322: Type '{ date: Date; barbershopId: string; customerId: string; barberId: string | undefined; totalPrice: Decimal; services: { create: { serviceId: string; price: Decimal; }; }; }' is not assignable to type '(Without<AppointmentCreateInput, AppointmentUncheckedCreateInput> & AppointmentUncheckedCreateInput) | (Without<...> & AppointmentCreateInput)'.
  Types of property 'barberId' are incompatible.
    Type 'string | undefined' is not assignable to type 'string'.
      Type 'undefined' is not assignable to type 'string'.
src/app/(app)/atendimentos/page.tsx(50,96): error TS2345: Argument of type 'Decimal' is not assignable to parameter of type 'string | number'.
src/app/(app)/caixa/actions.ts(91,9): error TS2322: Type '{ barbershopId: string; userId: string | undefined; date: Date; totalCash: number; totalCard: number; totalPix: number; totalAmount: number; observations: string; }' is not assignable to type '(Without<DailyCloseCreateInput, DailyCloseUncheckedCreateInput> & DailyCloseUncheckedCreateInput) | (Without<...> & DailyCloseCreateInput)'.
  Types of property 'userId' are incompatible.
    Type 'string | undefined' is not assignable to type 'string'.
      Type 'undefined' is not assignable to type 'string'.
src/auth.ts(8,5): error TS2322: Type 'import("C:/Users/LEGION/OneDrive/Desktop/sistemas/barber-pro/barber-manager-pro/node_modules/@auth/prisma-adapter/node_modules/@auth/core/adapters").Adapter' is not assignable to type 'import("C:/Users/LEGION/OneDrive/Desktop/sistemas/barber-pro/barber-manager-pro/node_modules/@auth/core/adapters").Adapter'.
  Types of property 'createUser' are incompatible.
    Type '((user: import("C:/Users/LEGION/OneDrive/Desktop/sistemas/barber-pro/barber-manager-pro/node_modules/@auth/prisma-adapter/node_modules/@auth/core/adapters").AdapterUser) => import("C:/Users/LEGION/OneDrive/Desktop/sistemas/barber-pro/barber-manager-pro/node_modules/@auth/prisma-adapter/node_modules/@auth/core/types"...' is not assignable to type '((user: import("C:/Users/LEGION/OneDrive/Desktop/sistemas/barber-pro/barber-manager-pro/node_modules/@auth/core/adapters").AdapterUser) => import("C:/Users/LEGION/OneDrive/Desktop/sistemas/barber-pro/barber-manager-pro/node_modules/@auth/core/types").Awaitable<import("C:/Users/LEGION/OneDrive/Desktop/sistemas/barber...'.
      Type '(user: import("C:/Users/LEGION/OneDrive/Desktop/sistemas/barber-pro/barber-manager-pro/node_modules/@auth/prisma-adapter/node_modules/@auth/core/adapters").AdapterUser) => import("C:/Users/LEGION/OneDrive/Desktop/sistemas/barber-pro/barber-manager-pro/node_modules/@auth/prisma-adapter/node_modules/@auth/core/types")...' is not assignable to type '(user: import("C:/Users/LEGION/OneDrive/Desktop/sistemas/barber-pro/barber-manager-pro/node_modules/@auth/core/adapters").AdapterUser) => import("C:/Users/LEGION/OneDrive/Desktop/sistemas/barber-pro/barber-manager-pro/node_modules/@auth/core/types").Awaitable<import("C:/Users/LEGION/OneDrive/Desktop/sistemas/barber-...'.
        Type 'import("C:/Users/LEGION/OneDrive/Desktop/sistemas/barber-pro/barber-manager-pro/node_modules/@auth/prisma-adapter/node_modules/@auth/core/types").Awaitable<import("C:/Users/LEGION/OneDrive/Desktop/sistemas/barber-pro/barber-manager-pro/node_modules/@auth/prisma-adapter/node_modules/@auth/core/adapters").AdapterUser>' is not assignable to type 'import("C:/Users/LEGION/OneDrive/Desktop/sistemas/barber-pro/barber-manager-pro/node_modules/@auth/core/types").Awaitable<import("C:/Users/LEGION/OneDrive/Desktop/sistemas/barber-pro/barber-manager-pro/node_modules/@auth/core/adapters").AdapterUser>'.
          Type 'AdapterUser' is not assignable to type 'Awaitable<AdapterUser>'.
            Type 'AdapterUser' is missing the following properties from type 'AdapterUser': role, barbershopId
src/components/dashboard/revenue-chart.tsx(37,33): error TS2322: Type '(value: number) => [string, "Faturamento"]' is not assignable to type 'Formatter<number, "Faturamento"> & ((value: number, name: "Faturamento", item: Payload<number, "Faturamento">, index: number, payload: Payload<number, "Faturamento">[]) => ReactNode | [...])'.
  Type '(value: number) => [string, "Faturamento"]' is not assignable to type 'Formatter<number, "Faturamento">'.
    Types of parameters 'value' and 'value' are incompatible.
      Type 'number | undefined' is not assignable to type 'number'.
        Type 'undefined' is not assignable to type 'number'.
